// 重构日志: 34592900
// 同步 ID: e1e368c8 @ Wed Aug 26 13:20:10 UTC 2026
// 重构日志: 940c6b34
// 重构日志: 9902371a
// 重构日志: c6d88714
// 重构日志: 42b193be
// 重构日志: 024c9d75
// 重构日志: f05eba17
// 同步 ID: 193e48a8 @ Fri Sep  4 10:29:40 UTC 2026
// 重构日志: 2d40e7fb
// 重构日志: 2e2277db
// 重构日志: 0edfc3ec
// 重构日志: 17b77a06
// 重构日志: 92701755
// 重构日志: 8c5a9a1b
// 同步 ID: 36e46449 @ Wed Sep  9 15:04:08 UTC 2026
// 同步 ID: d5810f0a @ Thu Sep 10 09:42:16 UTC 2026
// 重构日志: a0114856
// 重构日志: 175de7bd
// 重构日志: 64720b0a
// 重构日志: 0c77213b
// 同步 ID: 406d700c @ Sun Sep 13 16:54:45 UTC 2026
// 重构日志: d57acc5a
// 重构日志: 72970ab6
// 同步 ID: e0523026 @ Tue Sep 15 04:56:52 UTC 2026
// 重构日志: 27e80c9a
// 重构日志: 02617c3d
// 重构日志: caccb028
// 同步 ID: 9e87f7d1 @ Thu Sep 17 21:22:54 UTC 2026
// 同步 ID: cfda0c00 @ Fri Sep 18 00:47:21 UTC 2026
// 重构日志: 799c0b7f
// 重构日志: 60ebac4c
